// Jest Snapshot v1, https://goo.gl/fbAQLP

exports[`Carousel sample snapshot testing Main 1`] = `
<div>
  <div
    style="width: 320px; height: 300px;"
  >
    <div
      class="HvCarousel-root"
    >
      <div
        style="overflow-x: hidden;"
      >
        <div
          class="react-swipeable-view-container"
          style="flex-direction: row; transition: all 0s ease 0s; direction: ltr; display: flex; will-change: transform;"
        >
          <div
            aria-hidden="false"
            data-swipeable="true"
            style="width: 100%; flex-shrink: 0; overflow: auto;"
          >
            <div
              class="MuiBox-root MuiBox-root-1 HvCarousel-step"
            >
              <img
                alt="Screenshot 2021-08-05 at 17.30.24.png"
                src="data:image/jpeg;base64,/9j/4AAQSkZJRgABAQAAAQABAAD/2wCEAAoGBxQUExYUExQYFhYWGRkaGhkaGh8aGhsZFhkZGCAZHBodICsiGh0oHRwZIzQkKCwuMTExGSE3PDcwOyswMS4BCwsLDw4PHRERHTApIigwMDAuMDAzOTAwMDIwMjAzMDAwMDAwMDAwMDAwMjAwMDAwMDAyMDIwMDAyMDAwMDAwMP/AABEIALEBHAMBIgACEQEDEQH/xAAbAAACAwEBAQAAAAAAAAAAAAAEBQIDBgABB//EAEIQAAIBAwIEAwUGBAQFAwUAAAECEQADIRIxBAVBUSJhcQYTMoGRI0KhscHwFFLR4WJyovEHFTOCkhZTsjSDk8LS/8QAGwEAAgMBAQEAAAAAAAAAAAAAAgMAAQQFBgf/xAAxEQACAgEDAgQEBQQDAAAAAAAAAQIRAxIhMQRBE1FhcSIygZEFobHB8BTR4fEjQ1L/2gAMAwEAAhEDEQA/ANrprvdn61dbOkyIqz+K7rXWcn2OOorueLyq4RMD0nJ/ShPdQ0NimtvmgiCIofjL/vBsMdaXGeS6kg5QhVxe4ELctC5rScvaVA7Vn0OkzRtrjs9qrPBzVILDNQds0NdSyzx/nRyXwRWCWNx5OhHJGXBYFzNSqk3qiL9DQVhFRJqIuV7rFQsXcdya3cOrZjuR/Ss5zLgzaYqcjoYgEVr7pFBc2sB7ZDZIBKnrNasGeUZJPdGTPgjJNrkyZWoxV1y2QYNTsoN66urY5tELPAXHyqE/uavTkF5h8IHqR+k06scYDGYoscTFYp9TkXCRrhgg+WYe9aIJBEEGD6iqiK0nH20JJIEkyfWknE2gDFbsWXWjLOGlgjCoGrylVslaUwCoiokURasycmK9vcOB96prV0WCEVAirmWokUxMooK1Blq8rUGWjTIDkVEirmWoMtMTKKWWq2WryKgy0aZYORUGWr2WqyKNMsGYVHTRDLVemmJlm84HnSOPGDbMxB67daPAnIII7gzWEuKjqGb7Mq03BMyPd5BAH8wU57N5034X2q0KEBQHToOoxlSIIXbCFR9PKvA4PxCTVSV+dGx4ovg0umvStJeE9rbTqWAODmMjrH1g/Q0XZ59bchSGWRILLAIEdZ8x9a3rqsbdWK8N+QWVqVtamkHzBoleFESDTnNIqMG+AfrAq33jL1qw2YzVHE3BhZyT+xQWmFTQy4figwydqvpDqjO1Up7QRIM5+flSp4f/ACx8Oo7SG/B85t3BIkYnPaYmjBxKzE1kuF4V/d61MQIEnBIB/Sm3F8MUjsfzM4/CkwUJS0t7jZSyRjqrYa3+LUbml/F8UGEAzQTk9ajxFtlRnAkqCY2kATI74zHUTWhQhjptiHknktRRXzDi1AyJboKUW+ZEnAETBG3bY024C2n8O127uWbUYnEhcDtIFJ+ccMLd5VtmdSW29TLAn5wCfOaBdS23GKCfTVFSk+RmjYkUVa4onGr/AG70n4zm4SFVJAAUzAOpBp3E4gCfQdhXvJb5e4SR8RRWz8NtybeO51tbz5Huae8v/GpSQrwvj0xYZeck71S4mveAvE3rli7CqCSrZwx0hf8AtKkGMZY5ojiuFa2YYb5B6EdxTcXUQk9K5F5MMoq3wBlarK0Qy1WVrWmZ6KStRYVcRVPEXVUS2BRaqVsiTexWVqDLRnG8NoYqTJAz88/l6de1ClvGqTBkk9fCgLGewMRPnVePBQ13sMWOWrT3KiteNbMTGDsehyRv6g/Q1DmvFLj3Z/6g1D/CDIKz5EET5TUeA4+LYtQCpaMnKmSw0+skGgl1O8dKtOg1h2dvg9Iqtlqu1xpjKzJ3GIEbVYt5WMA1phmT9BUoNEGWqyKIK1FrdaVIAHZarK0QVqsrRpllBSo6KIio6aJSJZVxPGlF0KupgYdD8RLOEEhsiS04ONJ2E0oPAzcMgXQruzgahcBYwqOobGNAEY37ZYcXaU676QeIuKbgDY0+BB7uCdyYM/4j2pPyflt73oZwFLMoumNvGxIGk6SSEJPaVG0x86wNQi2tvM6kUqGA4rQBb0EC2NSnQQCCWCqhYndgRMmZanPA3goDs2HUTqMDSYIIziFdcUFdu2B7olxZVNTWlABkFmKtuYQxqEweuOl93hCxtMLulFKeEiVKsqqcggiMHNLyTUkk9ubK5G3JeataAGSk+IHpkKACTg7jsY8q0nD+0FpgROlgJgwJOMDOTkVkrto23B1HSPDJMKW1QDnIbwx8xFRN7DF1AfVnzXGfLcfSmQ6zJDblFOFM2HD8z1Agk569qp4ZSznxTBwGyDWY5fzQoQrgaQuCZlvEYJmIMR64pry7nALN0IaGXY+HOJ3BmR610MfUxybLZ+RVU9x1zkwojEnPoJP6Ug93ruqm2oqO8Zy3yp8ePW5neEuNG21tt/LMZ70g5eT/ABKhMtB6x0IEH1O9aoybjK+UipQjri1w2afk/Ee9VRAULpUH+ZgoJ9dmx2iiuan7C4zCZVM7mS5APykZ8vWqOCtJacgnSthEYnv4CDPfdvwpZY4837XErnVcAdcQAtsrCepA+pNc9JOdrg3uVR0vkDXjpXQxjVCzmYMAkDfrFX+0nNBcKqFiFnfJLIuPKMjruaR2mLOG6f7EfnRiIrOszADSJ30hnjy2rY47/E7pGJP4aiqtjXhmZ+EeykF18YG8rqLED/EIDR5ikLklgzEkwRnpkYppye/oCnr7yP8ASJP96X8bAuFVMqSw8sdvKhw7TYeX5EC8QJJ6Yx2yPwyKbezdy2LRZgCUZGI6m2RobHkSrHtE0tuiSvfUB9evpNR4YlRAkEahj5j8q05anHShON6ZamNuH4drv2gBDpcW3c1GSUNwsGJgZGVx/h2itHfvrctKANQYuPNWAciO2V0/OsOeJIW4gJ8fu2kYIa2ZjfvMH0qy/wAQ7WmgnxDUYP3g2o+ksCaxPFLWnF0aVkjpqSscXFAMSPr5x+ePWoDIkbGkKE3FLHLDxDzySQPmSfWKv4bjTbR4BOFZewLLmfIYxXWx5W9nz3MGTGlvEK5jxotwN2PTsO9A8y4jWqlfhKq3nLf2NL+I1MAAfE7bnqdyfz+VWrbChUGYgfIHVJ/fWplm9HuXjgkyfPuMa6+ok6sKQJ8Q1HEDfc1Tw9xtSzBOAT5QB+Q/GvL9rWxz1PmRpIO3XcipIukSDmcfLp6UEUliUBkpNycgbmC6Wtn7sMvqwYmP9R+lSu3SgGnBJU58j/SavvEEBd/EII2wZP1/Wg7pIZgTJD9MfdJHoI/Om45JpLyAlYTwgjY4b6RE/TFSttpcGMQxP0Jqu0+pgR237/sE0LzRiVgYOx9CY/KaOK1ToHgZDmSMfB4l6tsNuk7mibVwNt9OufKkV4aUVRgRPr0pedbsFDHGxzPoK1Qk3vaoDQnsPr3M01FFhiPOP96rfjgN1IPQCTPzjH96TcdwgInaBjO3T67Z8q84cqoGWGSJ1SIO8diMH5VJSyJ6k9vIOOONDBr7PJPhUbAHPTJPoao4nVOCYgfeP9aIX4SRuPyjp8qqu3wDH6j+tcmfU5ZTbRojCKRXx/ECbYYalfiLWCBKDxEqMeRGehNecns3bQuXrrNpcNcIk6kbxXNOn/JpJjfbpS88YVuFzcD+KUTYkmATJxiGjtqOau4rjzbnxn7QzvJUuSYB7CYrgaXWldxlbUWWLi3dDX7QDuYURIS1b+1BmYEhgpJ6GMVoeIvi3bTT7sDwHYAtqWWIHXSwn0MedZfg+Z+80ARq920wBglY8X/4xXq8XqKMT8S6YzLBdRUicghSSe01csbfP2Duth0/EFmAf4UPSCJlg51D+bBnutXWX8La2VtOtQwgkqxwR54H4UlsP9mAxnW7h3EtCM0jpkR93fJimPLHOlsiRrMHYq6hgI64YiBODQThSBoLvvgGQYVhHUz4oH0OK5mi7cukwmGRu0IAZ64IaRGZoO5cmJUrq1BTvB6MCO6nVHapuocFGJCtIEDbUM52wJx/ipajpAao0PJeIEOuqCy6RBmZKsfwU0x9neGAuvdbZCvyJ2PoDJPoKxPBcY2m2dJDaoO+wxrA3iR+NabknNRpuoxyyaZHfwsDG5zW6HU6YOMn9QoxWpN9jT+0FwKrjqy6RAkMrAkSdhA1fpSfknGaDIHQb9wwIn6GmfGDXbUplIgdTAGJ/L5Uk4WySYAkmMeXX0HnTMVODHZG9SZXxvDhLjBRADSvkCBj6RV/DhTbuSckKB3kSY+eF+dNbXs+zqdTAO3iM75wJ69KUtwTWtQu+BoLAHA+LSBO3+1M1pqk99gNDi7a23I8RfEIozpAnPUSB+B/Kg3I37T6T2objOPRTCnUcQSdK/I9RHpuKEHObhEDSAT6bxEz1/QTT4KlaViJtye41CnBIj1MV446kjJO3X95oC1x4JGqMx13kgRI23Gad2zw78MF+G9qJn+bMwDtEYAmZHnkJdRFSRcYak0K75jbfufrtT25yyGVrf8A07qAjqAxloj0n6Gs7xCNsc/L8utP+D5qIUMNtO04KiMTuP6nal55SVNDsMY8Mo/5UyywgATIn6/LfvtVN3hCCZ2OxiR8+ooi5xhGuRIYAADIM6jv0P61bxvFeFbg64I7iNuxO4NDHJk5LlCDEz8K1tpI+AQYzH+L0P61G0DIUAkmSTE9zHrFO+Ft2L/ittodfiQ4xsQD1X8R8xQFxWRmiPDMTv8ATriKd40pKmLeJR3QDYt6VIPxZxmfn++pqi4w3Ujc/nP5TTR7wbL4iJK4b1842zVN+2ZHimZOqBkGI6b/AND503HN3qYuUVVIX8MCckk5x1OTtVl+wT42jA6wNvzOaKs2AoZhuB9JqXCQ+GAKkbTOMj9KN5fitAqIpnI+pjtt0qq6dRENEkdN9JnfbyprxvAgbQAJ32k/zHp6+VCNwjAhcZ+m+D69adDLvYLiC8TdLQN9IiSIzGf69f1oUppO+fI+hj6CmV5ZmDJWc/OM9DQhsq0EnSTlSMjtBHfpWnHkio6ewDTbsGfihBgYiM9djuNsx9KFFzSYAULGMFuuBv65olrAVpLMcdIHTIk/vFD8VftoYInqZzH7GKa5Riudgoq3R5dv3I0ll0wcADbOJA3An61LVpxjvmJM9TVvCAaSxgAyZ6HVOM+k+cDeaq/jbIx9n5atIMejZpSyQgr8w3Zm7Ck3EuBhGYB+7k+ECfOveOuXQxV1YL4e4wucd6hY4diBp+7v8t/nVHE33ypY4Y15/ubO4XxSLqY2j7sAAkQRGxIHz6UZwvEmQS0ODgHOmRA9TmJpJbd2cASSSAB3M4oprDuzacaSAZxDAZH1Bq2l3KaGfA3mLkSp+AAgkDBmVHeQuOsetMLXMGDp9zUDrJMwQEIVZ2B/SlXCrZ0KzAyBBORkbfrQnMuIaQoOpgxz3GCPXBFA4qTKq2asceWSCFGknRA6kBQSRuo/rUxfR1UCQ5BkzjKssjPePmBnes5w/Mg8HbxAn/vZi0fL9KPv8NDqZKhcDPkz57jbfzoHBIGmtg21zQa3DQrqYmOhJMg9iAv1p5wFtHRh8DLpYPIIiRMnErsM7d++ctu+90AoyrHcydMEeX60Xw/Fe7QXAFZNBGllnGARntn5E+tLnBPgi2Y64XmFy24QOQ4mSDGMpEjBwfqadcm9pjbeHAuAkMQcNAgAiMMeoB2OayV12fxFm1EfFMk4GM7bfgK6wTKudwukNMYLSJ74n60qmvldA3W6Nzzb2zYMw4dYXu4nEdBjSOuT1OBWZ5jzK9fIN52eNgR4fh/lEKMnJ3270Lw3EMxMAiN5GDMY364HyqzjOHDjACkxnpIyQR6GZ8qdiyxUlGe3r5Enkk+QW/xAEgmc7LtGcT1/t8qqXi2PwADxDM/zHHkP7VL+CCH7QgtuNiukYJ3zmMRUrrHTBYYyOweDJzmZGJjDdq66y4lSgtXqKpvk9RyuCTG2PPt3IjaiuH4ucSNzMmRiSR+INLjxaHUCBHh2EbGZMDH3QKnbugnwACZGPikkLmR6H51nzY3LdqgklQddsi4v2b6TghZx4SQDO4Bg/sUm4pXQwwI+ePkdiKMtcRPwgyI8fpqwY8j6Vbc4wFYdQ6x13BGQavDnnhelrVH8yNWJzxTAzJkZmTv69Kdct9qY8N8+HuB1A3KjY+Y37daXcfwKaQ1pjvlTMznb6UquWiDGD6Gf3EV01LDnhdfs0Uk0aw8Qwue8tMG2MrkCen7703un36yk+8Cg6f5gYOn1zv39TXzq3xDKQVMH1imvA+1NxCgb7haCMEaokEbMMbeZrDm6dwdx3HRfmPf4kgkMDtBBEEQMyDmieWXdSOIkLpEjpqMCO8np5Vz86t8So06S2PEJkZUZ7DOZHfvUODuWTw961rAJcOrKwDTbjB6GATgxv3rH40ls1RemFh63AIXBBbQf+4H+le2+W3LT20CiCWEmBiMeksSPPFZLmPGvaVVMPBDag2Zg7jMGc56VTzH21vXBDvp05XSsP1gahEQY+Xem6cj3VUSKj5GzPB3GDKV0unQmNQgfiKUX393pYsPJZ1GCeijIPy3+pwnMPaO9cn7RzIAJZixPzoJOb3lELcI8sEfMEQap2u5fhp9jdrxsv1YEycdGwQCfn85qkcWhf3Vv3jH4pKCVUj70GMyInfEeeLvc9vkz7wriPDj+9CjjbklveNqbchiCfIkdKLxZ9mV4SN1xKZUkn4lDDT4pMbZkYO3nWc4jibbJqZoKEnTphm6d8bD6mlJ5heiPe3I7a2j86oZidzNW885KpMKOJRC+K5k7gCTAAG5OB60HXV1Kbb5GJUPeWI4ZsGDcHpgkH8oqvnHDN74uVPu3YHVHhzAPi23rVWeXXLbMylPdz9mBMxBbxQMYB26mjrvCAuAJGpBgZTXqMiYwcE+sVhfUpSsTr3MBwCEXkbSdOsqDGNQERO0iV+tP/wCBZnW4Ef7TL4kK4AUQdzgkwe486drwKLatrofSj4AgQXJjXG++f9pUDjC908M7vbFtnDkHTPu8CT0nH6UXjObuPb9CN2wfg+Vwrm4vgBa5lZlNJY7ZAx12nMUXwvJpa25QRoCk9QQsBwAeoJ7fDTUR4Hkk3FUGdihOnAE533ohrXhe3bOYJVQfulfDEnYZFIn1EgHJiO5wdpLwZrOkKR4gJQtomNI2P4Y+pPMOU+9UeLQCRBA1R4TGxnv0q3i2hbqEwjNbgkjCuA8jt8QifSjNKt4Vb4GAjGQARJ77gT5nsajySVNE32ABwhA8cRpKncbFWInzz/40B/GotiyVJ8T+FWG4WFIbt8QI76fOmiXWthy8yGD5OyXH06iDmBtHyoHh/ZY3FQozW7mts3ACAsQWxtpdSPRh2pkZxVuT2v8AYteo3cAIBClS2/XClhnoZmfWh+HhCqLqhriiTpMYJC/gTOTHnUVtvw9lTduMWdmW4oIg6y48J6QomZ7bTVXOXYW/f2vui1dRekKPdNIHTxdO1Kj5J7Pv6gpdgm09k3JXGu4RCsILWmUfD1zO0bUYODdlhjkQ0qdj3z5YP+Uispybibt5g9q2VS3oV31eEZWGcdT4c9Miek6jk3Hs5uazAJBUkEKJkwCfuggjtihzxlBWnx9WSSoMs23yp2BIM5BBPbvt9aH4/ltt1YGbbLgN90icY/lxuP7U35Vct3JD5klQDgggkfLY/Sjr/A2LiQJAOxEnr5SI26dBWKPWSxT7r2FqVOmYPieVtaJRj8YIQ4hkkQZjBxkdJFRYEL4TA8OdugHbbG07Vs+K5NcOlrbq4B1BSArfDEBsjfJmN4pbxnIA2oaWtkHBC+EzvjYrvEeVdTD+KQlWt+/+gtRlhfhpHigGRtjfB6RTGzZOkMgkNJbvBUjwg4M7x60LZ5Rd8fgDaJVlBJOoxpxiQSV3xDdqYW2M58IK+BohSPEwK4jZR32mBMVsz5oy+RoKhdxHGrbYgZZYEdOpHrgj/ekx4gM2qNPlPzxTD2kdGYECH0jUcGCQPDjsI+vrSC9dH9/kK0YppRT7sOMQ29cGR57+XmKFPWD8jvFDG7J86hduUby2Go0EDiCMgwfxr0cwP96A96R514zzQeK1wXpQzucfKxJ7DoIyfnmgLl2qddQ1UMsjlyWopEi1eGvCa8oAjia6uojheIZQQoBmDkAkQehqiA1StoSQBuSAPU08RbLQ15QMIx0GGZTjacQDO0433Io4vgLekMhIgHUCNQBkaV7hj45nbSBQ6t6KsXtwzAwYmYjUN84mY6VTHnWg5hyN0VPdn3nvABGmGWTp0lfXY7wNt6z95SD+P1zVxkpK0ROz6VxHC8SwVTZYlW1qYVolPdkYbM5/Dzrrasoe0bVxQ2v7hIAcsyxH8pYRn7vrRfL+duLxssJ8OsHcQdO0Zgav9JrRcudbgAnxQWIEREj9CK4OTNkxqpRVehjbfkZrgr8wjx7xwMkFQSy5BneHDbnFDe0vLyWt3rdgtd1QSJglcITpOl2GlpAJMAdK244Ru09ajc4WcFZyDt1HWkR67RK6Ip6eUzPcTwutU0WkKrbBCuInUTkYicL/AOU4mr04BmA0QChhYILaAZIGo/FIjJ3zim44YCcDJnI3Pf1NSSwoiBpIjYnp2JwOlCurX+y/EXcz3MbHv1dD4GtkatU+EAFs9dyM9q8s8L8UrpZm8Q3IJPTGVgKPSafJwSZ+KCoG+oQMAEQCcY3qjiuValYI8SrASDgnYyIIz5Ua6qPyp7EU1xZjfaOwwbXhVCDWunACmMEDrAYT1NM+VcSZspeU6ou6pUwWJGpZgdJP+9M7nAXpRivjtiQysDLHWCAGIH8hz28qScVw/EoWa3af7+gaRFtnM6hpmRpEbzPpnZHJHJDTa29Q1JNcln8YBZsllZyrNbClYZpBB8JOBGrfYHelFniCjWrAVlNxMq7T9mytCgxMBTkHrbo/lt7iNdotw9wsrrruNbYeElZgRtCAEx3poLZuKVMFgrC3cI8QJAIVhuCAzA9Nzij1qGzX5lXRlOS8Qth/clisuHaDjSEJgj/xxGcCiX45tJGlbVmHKAxpDQxa3M/CXmJ8xWgXlo0XUNttRt20dlPimzBVlJzMagNp0ielYnmXJdJYJ7zQDgPAb5gYn0p+OePJJ+Yeze4VwHPLvxh1BtmfB8RkMzER5TPr16b3lPPkHwrrBVWA7KYljEwBqBOO8bV8dVSH0hiOhz8j+ZFa32I4oWGfUjlYjUBKrqbT49hnbPc1XWdLCUNVcdiTgqs+jcdzXSiMlr3pbWSEaNAWMsSDv38jTZrGjQrOpdl1QDMdd+o7HEwazNrmSWUW3qM21CGAPukIJ8W8RPrQ/NOelf8ApKPeIjFTGmdLadJPYTcMdxNcd4YzWlRp9nYpqLTVfU1l3hwwh0VxHUA/mKT829mEu6WtO9llDaQplfEIyh//AFIqjkXtQXZhdgBNI1dSWQPt0OSPPTWhtceHEo4YHPes95unly1X2F7x7nyvnHslxVoyE96gHxW8n5p8X0BFZjjrDKxUrBBjPlX3m5cP8iN6UBx1qxe8N6wreROdowWEjfpXTw/jEuJq/Vf2GQy1yfCLgzmqWPnX1Xm3sly9jP2lo7eB10z6lCoMec0MfZng2svYVyNJUrcIBIckqJ0mGBnSR1gRECuhHr8ckmr+w9ZYs+ZjOBnt3z0rw19F4H2URFLKALtvSqXCCFYyxFzwsfiOgdwDXnH+zQ4m47soXUisrJ1ZledQHxabhSZAJWO00b6zHfoE8iR87mo0ZzPlV6wxF206ZIBZGUNHVSwEjrQdak74DOrq6vJqEPau4RwGk9Ax3K50mMjO/TrtVNdUIFcx4gO+oFjgSTAkgRMDERFeXOIAAVc9WJGdXkRB0xGD1mhq6pRKGV7nlwoqAkaRliSzEkQSCdsbdRmDmlt15MkknvPbA/CurqpRS4IkkfS7/Dt7+2QrGLdwGNwLbadt959Aeu1Mbl3SF0MFuL4mWc+7GG1DcDT+VaW5wFphGmMziQZPp+WxoPi/ZyzckkBmJJ1XAXOVCHKlWI0qBBboOwrzK6zFkaU9vzMWuL5GnCcSoS39qh1DEMDtGCMFTBG9Cc09qOHtILhuK8sUCqQX1KQGwYjTMmfLuKCucgJ0hjauW1mEe3JGIEMxYx5Y3ry5yCbbWioNtlgCRKnSqjSWONiZ/ZFw6ZTT1WvsS0ns9gG57VtcsG8oXSksY2OWhWP3Z0kDzjNWf+qEv3rXuiVRXLEbkqhIKsDsSrACfM0vs8pvWrb2Gs3mttpDFBkhTkjSWIkBRAHbziuzyBbem5w6PbuNCrbuyPDvGoCVeQDnopnfGvRg3r6d1x3DtGm5dz225IYAErqUbEnUQVx0HhE+tEcLx1i4zqGgrgy3lkfn9K+dcm5Hxfvm03EJti4qknJLKxEf5jiZxqJzGfeR3GL33uKBBcuwHhDs3wY6QHgUM+gxu3GXlwU4RPodm/Zd2RTkQBM+Int3G2fOrLnLTvNZjheZI+lffBASRIZdQVSWDAwRO4nsTTThecsbrKt1WUzE4UvMnTAnSAQY86yz6Zx4BUY90GXOHYdfn++9RII/fzqHDc1a4QSmlYAcTJ1tcAj4cQuDP3m8opo9pT/0yPOTP5ARSMkXDmgJxS4A1fH5Vn+ccKhb7S1dBiSbbLdXykOJUesVoeKsXwCUFsnGGlcdfHn8qQ87t8Wykfw6t/LoYP8Ann6Cm9JtK0196AW7EPBcCXDNaRCbZQgFRLHWFAwN8jpTrkXBFSqA6FKqrq2k6ToacA+JS2wImSM1neccz4hF0sgssqxlIJXODjP0nAqPs3euA3SLyRZtm9kwLlwOvhkjUTpZwPPT3IrsThOcG7X6mqKdGo4jhrZS5qRBcBnSDBmBcBbbSSVO8DbvFAXuIUMqFBpuK5bW3iQ+8bEgYmY3jJz3eW+L97ZDIil2idWoEf5Y8XpFZ/juEcktcQz3IIPbcjOKyYndqX6gOSF/H81sW2dbdpmOtHEA6dSKqwCIlQATknM9694b2s92wW1ZfSshTjVpBhZ7wCcHvXX+EboDA8qBu22HQn5da2rHjkqlv7stUzc8Nz43ULArOgtogsV2/wDbl1IydjVfF+0Spw1y+blt0nRBlvGyFlSQBBwcFT8q+f3eJKeKCCMg5BBHUEbGtfyflx4nk3F6iNf2V0HJ8SjV6yVkfOlf0OKO7W1jI4osz/CcwTjry221BBb8XiIDOjgh9IIxp8OSY9QK0PAcJb95dVCwPvLbEudeFCsMn4lbB3wZrPez3Ibthnd9A0kK0mTDbMsCCNUDNamzZAIZXDeGOxbRIB3zMHHc/Oh6pxjtB7Vt5WLyUtkUcFeEAIAHkAgdNJ0wIM7qCT3Bry77SCxeFvoSBsDloAY7EfdG/Wq1sFeIuEKdLvvO5YM3/b8QEDz7Ug9ogf4vVoaJwyjGPETt8IYiSO8dIoMeGOSVS4qyRjbPoXD83mVZVYFZOJnHUHByCPlQvG+y/AXctwtsHumq3+CEA/Ol9ufCJXVBWD/NAlhBntn+lXHmbgNCk6XKFxkAjScyBuDI7/liePJF3ik17OgPiXylSew/BW2DojhlIKy7QCM9Mn61oOVcPZRXU2kui4ZbXLMNsKxMqvWKR8T7W2rbFLj+7MA+JHiGAIIIUig7ftlaIJW/aU9A6OMgA/EABvI26Uxf1z3t/qWp5PUz3tF7LWrN25pm4HW5c0qNJtAEgLAaHyw+SnHSl3C+ztq8F93dKsANeoYEHSTE4kkQJ6N3AqnguYP/ABFttWWkajP3iSfmSTuOorQq4TiX0rAcBgfMfEMEmCwBgfzGuxKWSEabt1d/4HuUo8sRcb7Dcassth7ibqyQxZejaVJYY8qB5pyN7Nu3cLKy3BgiQVMSVYEAzuPka+k8NzQobStIyWhdzKEHJEdar4TnjWbJue5NyFM22mQqySzTMBYEzGNVIj1mba4p7+1/cpZGfOn5E/2cFSHUNOwWQTDnpsYPWiE9kuKKqy2tYYTIYYyRB88T8xWq5hxIu23draA6CracKHt4IEDo8mPPzNS9nuNdbZRNQCsRhzB2M79iB8qdLqJ6bSXJfiPsfSmjtUCBXkmvGNeRoyUeEfOumvNfWK919xVUVRwerFu+dVhxXGKhVEDwVkz9moLblRpJnGSsUtveyvDm09pAyJcJZgGJ8WMyZ7U1iowe9Mjnyx4ky1JmVt/8PbaBvd3bgLA/FpYCfQLihj7H3kQIj6tJeMFfiWATGrIznfOOorYlj51Frtao/iGe93YWuQk5fy4gC1cK+GD4lbS+lg2SRKnwjv8ArRHs0Cki6CukkCR3OCImRA3FMWU9HYfQj6EEVXeW79y4h8nQ/mp/Sqln8ROLrcjlaqhhxfDa0IHi6wDvGY+dU8DwraF1ACQDBzEjbalF+5dGDZtXD1AuaSf/ALd1dqU8ZxxtHxcPdtiIxeuoAPLQwU/LtV4um1LTf6P9ykuxrOM5fbYRcVSOkjaex3HyNZ5uU8Mt51FtMqo3k5MkR0yFznIG1KOI9o2YQL/FIPL3dz8HGr/UayJuFLhvG7gXBDury05zCkCQGxnAIzXQ6boZpP437DMcL7n0pVgNqKgbCdiRJI88D9zVC8MDbDWuIdLhYQhLBNJxiZk9Y7fOE/As/ELqS97zVd92xtKWADBipCMVI2IyO5rQ+zfKLtxlRhGBCsSMIIIMA6TiME/DFNni8PhK32GuCT4F/FcJdRHuM1m6EBJlNLkgTp1LpMkd6Wct5havs1gLof41GrUdS4iGkkwcD123rd+0vBe9ttZRQp8AfRLMSAvi3zjGYwZnFYzgvZu2OGvyGdi3vEZrQ1/ZT4UGrKMBIyJkYwJuDx6Wnzdbdg3hinsAcx5K7syW7V7xCT4VAg4kaoO+/bHem/8AGX+G4L+HCBBcRUIKyxhjiRjY58q0/K7LHh0XiHR3WHtm4Sp0iPHqB1NADTESJU6pph7XXLa8L7yxpLagJUSYhhhQJOROM4rRCfa/v3G+HpXPJh/ZDlr8TxFu0dWj4rm48CnUQfUmPVqde1HKRY4piPDbuDWm0Ak/D5ANOBsGFF8h5gRcVmZ7QYEa7iMD92fAYIkTkiBM9KL5+LXE3LJdxpCOHGDBYSAJwWDbGY9KDK4TjT2YEoKUTPresglmtP4YDPbJbeD4kGRsBOnpuKC4ZLFxj4CArE6AxIIBMErgZiYEdBR59nGti6q3AyNLC4txdWM4QNJ7ADJzVVngFVlyc64lGthBhslgAv1OfnWF6YWk3fuLT0tFHM79lCPsywbS4Ejwll1FVbsJIgg/hSzg+KGoqikWXZ21BtRJLhNTBwQSYJJ9NsyZxns2xk2b163JIGm6XU6TnAfoATBqC8GbVq3bWX0v43KyFGgBhpksCSA2cZFOho00nuW1qvsUc84jgnXTfRluAKmZBjX0bKmJOxmKSWPY21cZmt3SbZDIsgaxd+7gmChyZxt86v5rygXWPvLSrcdBd95buYJLaSrrcHxBzviRnNPLX8LZXF5CFKMhNxSysqBXVog7g9PTrL03jilBu325RcYtK0zF2PZ91vW7bsVu+Em3cQppAGs5JysA5G8fKtTzblxe09pWVLkoQxPUE7dYPiUjOUPWm3Cc34JrpNvQ+m2QXaHGQxcQ0+GOuPgOO1PF86sW7KPdt2ypd9D+7BJAOk6f5MBcbfMGryZZTktna7USW79iHLeWg2UR7uoqBLhdYLgtvrgkQQOh9Io3heTpaUE+Mww1HwoQ+40qcTnr1NLeGSxe1e4vMCo8MXLikQImS51DbcZ86NtkBSjXfee70klyCYiQdaATgx3rHlcrdOvNVuJ1JMnZ5Pw8MAbia21mG1KWkNqAaZ+R2PpEF5AB8N62m0jTEkADVE9QBQ1/myrqRdBZYAAYlMyd9MTgyOnemFhiVB+z26gTQSllhu29/YtyiPLdwxVq3DQgephq4zsz2Elx1FeFexqgNXoqrZWpnrYqs3CKt1968e2DUUvMrUVfxRHnVtjjwdxH41S9sigL/MlR9J3iRiPzpsI69oosejiAdwD+FeFUPlNLOG41H2cT2OCPUHNecY91PFbGoCdSk/liRVLHLVpez9diWH3ODb7pny2oO/qG4IqfLOYpdEq0EfEvVT2NEcRfIYScR1MTM9P60ajJS0yQasVXOJfZSBPeYqm7d4kDUty2f8OgrHSJEn1prxdtGUGYM9BJ69P96H4aDHhJyJkxEeQIk7Vrx0o20vqGo7bmZ5pzk2203+HtuehjfAMqzhpHoBSge0SgweFsHUTgqdRBxEhhOPKvoHG2hcUq6IVPSPzJkn50g5vy5SwtWbSpKku0sigEgAQsAk5z5DetuDqsL+Fp+r7fqWpRukK7nMl0KbHDfw76s/a3LfSJVcAghmEtgSR1mu5Lz7i7LhxdYkZ0kBplQraBnTviTHWKa8N7M8OmbS6X3DGXAaN11ERt3qhOW8TbckFLgIYBtPwhsZgSDHXO3enx6nD8qf35+4+MorY0ns7e1ICT8bEZMlh92TPxZ6YgegCzj+Y2rt4C1e1aDpdSWQ6lZ1gqV8RnBzGaL4EsFJuEF1IELMQq4g/ekkyV86Du8NaZ3uC2qucll+IM0mcbEyT86wLSpSbvcmSXwpDZ+Ds3UX3qK5WdPiCsN8DYTJPWrLZGmAl1MfCSG+XhYg/jSazxGoxPikYOPpOI3PzphZu98eXY9aRNzh3M7ySRJ+VIzaw+hvwPqI385Bq6zy/MvdDefX6RFejNUXR1FIWecnTA8VsYpwafzN8tI/SvTw4zgn/MxP8A8Qv50pZvKoe8ot32X2IpryGL8qskFWtW2UksVKrBY7kzufMzXh5RY0lPdwpMkJcdBJGcIf8Ael/vm6E/U1E8a4+8fzNGnkv5vzYSylnMvZexdEN7wRB8NwjY6hM7wc5653pPe/4d2DrK3L4LzqJZGmc5lO5P1pr/AM2Ybx+In9KJTj53Api6nqMa2ZfiszHBf8PxZdWW8SqlpVreTqUrGoNEZ/l6Us9pvZDjbxWDZZEHgVWIOQJJLIssYBNbp+NP8s/P+1VNzP8Awfj/AGpkOv6q7dP3/wAUTx5HzCz7KcxsmVssCd4ZGkbxhjUOK5ZzDBazdAXSAApMQZGMkx/Svprc4Tqh+RFef84tdQ4+Q/Q1pX4jm5ljX8+4XjvyR81s++R0e8jriBNtvANRxLYEy3T8Kf8ADc7tKIDzk5mP9/WtYvObP/uMvqrCp/xto596nzbNVk61y+bG/wCfQF5U+UEipAV0VwriCCYr0VXqr0PQtFFldNcBXoShJTPQao4zhEuDxqGjYkCR6HpV0RUrhAwYB88t/wCIz9YpmOM7uP8APqEot8CS3yRAGbU3WSQGMHsI3+vpXcr5oQChBdEJAuKBsO4GIg+ojrTVW7A+c/8A8j9SapvcGrzrVX1byNx/WtfiQprI79u31C27sA4njOGF7V7wpcIAkAosCI16kIyMTn1FWXONdlJ1+DI8AG4nxTu2REfOguYezckGy8ASdDy6SY2iCvXvUn4W4lhtKhmUQFncggGQTMROxzpHeK0qWKSjpfpv/cJS8hxw98hUBMFgYIHbYZ2Of3tSnhb+tyUDaZYTMEsBkgddgO3XrRPLmZl0sIbVkDZV6LJxgHp51e3LlknqSx84ZtWknqsk9t6QpQg5KXclrcsJ1IrSRPQY279fyqAipQdqquWsyf3ms6rgXZaK9Un1+dVq2M4qWuqplqbOu2FOYz57Ut5hy60x1FPF/MIDGNs/SmfvO1VmDmN+lMx5Jxdk1MwXtFzS5w9xVtmSIaWUHrMTAnatN7McYbthW2IwRn5HPlS72z5C11feWkJZMwDOoGJxvI3x3NeexZNpCjgjVoKkQVM6iZj4SPDg9zXWy+Hk6ZSj8y5HPTKHqa621WGD60Pamp++Hf6Zriyg72FOD8iu/byMd4oc4+dEvdPQfU/0mhWOcnP0HpTcd1uCSD1F0HaqLobG0H++/lXqsT22/rTtPdEK7tmNsf16GuS4Qf361eydMfT+9UXAR0H9PPejTvZkCLdwGvWtihrV4mOnpHyxV8fP8KFxplFFzh1jt+/3+NBX+H+g/ePL+p7URxPGog+0W5bHVipZI76lJgUt4vmWJtgXF72z70fNAVZfxrRihNhKLZ66Eb/v9wKrg9xSp/aseIG3kdiQf/Flx9TVX/q63/I3+n+tbFgyeQzwp+R9RFRH611dXmkIImvU3rq6i7EQaelcevzrq6gfAx8Hln4X9D+RoXh9vn+prq6tf/Qgn8iLH/Q/kKrfr++ldXVlXcSStf1/I1Bfu+grq6jXyhrgsu7/ACqBrq6hfJXc47VNf1ryuqiHN0/feoX66uo1yiAlvc/voKsXr8q6upzISTf5GlXCfFd9f611dT8PyyGQ5L736L+lTt/d/wC78xXV1VIPIWtt86rubJ6fo1dXUETOUH9P6VV/Wurqciyw/v61bd+D5V1dVMj5I3PgP+Y//Krbu4rq6qITT4a+V8z/APqx/nH5murq6H4fzL2HYOWX+0e5/fes5c3rq6uxi+Q14+D/2Q=="
              />
            </div>
          </div>
        </div>
      </div>
      <div
        class="HvCarousel-stepper"
      >
        <button
          class="MuiButtonBase-root MuiButton-root HvButton-root MuiButton-text HvButton-icon HvButton-ghostSVG MuiButton-textPrimary HvButton-ghost MuiButton-textSizeSmall MuiButton-sizeSmall Mui-disabled HvButton-ghostDisabled Mui-disabled"
          disabled=""
          tabindex="-1"
          type="button"
        >
          <span
            class="MuiButton-label"
          >
            <div
              class="HvIconBase-root HvIconBase-s"
              name="Backwards"
            >
              <svg
                focusable="false"
                height="16"
                viewBox="0 0 16 16"
                width="16"
                xmlns="http://www.w3.org/2000/svg"
              >
                <path
                  class="color0"
                  d="M11.30863 15.5L4 8 11.30863.5 12 1.30536 5.38272 8 12 14.79529z"
                  fill="#414141"
                />
              </svg>
            </div>
          </span>
        </button>
        <p
          class="HvCarousel-stepperCount HvTypography-root HvTypography-normalText"
        >
          1 / 3
        </p>
        <button
          class="MuiButtonBase-root MuiButton-root HvButton-root MuiButton-text HvButton-icon HvButton-ghostSVG MuiButton-textPrimary HvButton-ghost MuiButton-textSizeSmall MuiButton-sizeSmall"
          tabindex="0"
          type="button"
        >
          <span
            class="MuiButton-label"
          >
            <div
              class="HvIconBase-root HvIconBase-s"
              name="Forwards"
            >
              <svg
                focusable="false"
                height="16"
                viewBox="0 0 16 16"
                width="16"
                xmlns="http://www.w3.org/2000/svg"
              >
                <path
                  class="color0"
                  d="M4.79011 15.5L4 14.79529 10.61729 8 4 1.30536 4.79011.5 12 8z"
                  fill="#414141"
                />
              </svg>
            </div>
          </span>
        </button>
      </div>
    </div>
  </div>
</div>
`;
