// Jest Snapshot v1, https://goo.gl/fbAQLP

exports[`CookiesConsentDialog sample snapshot testing Main 1`] = `
<div>
  <button
    class="MuiButtonBase-root MuiButton-root HvButton-root MuiButton-contained HvButton-primarySVG MuiButton-containedPrimary HvButton-primary"
    tabindex="0"
    type="button"
  >
    <span
      class="MuiButton-label"
    >
      Cookies Dialog
    </span>
  </button>
</div>
`;
